<?xml version="1.0" encoding="UTF-8"?>
<testsuites>
  <testsuite name="ExampleTestSuite" tests="2" errors="0" failures="0" skipped="0" time="0.123">
    <testcase name="testSuccessfulCase" classname="com.example.TestClass" time="0.052">
    </testcase>
    <testcase name="testFailedCaseWithAttachments" classname="com.example.TestClass" time="0.071">
      <failure message="Expected true but was false" type="java.lang.AssertionError"><![CDATA[
  at org.junit.Assert.fail(Assert.java:88)
  at org.junit.Assert.assertTrue(Assert.java:41)
  at com.example.TestClass.testFailedCase(TestClass.java:15)
]]></failure>
      <properties>
        <property name="attachment_1" value="57-375x667.jpg" />
      </properties>
    </testcase>
  </testsuite>
</testsuites>